17:15:22 | INFO: Data are loaded, start creating Blender stuff
17:15:22 | INFO: Blender create Mesh node meshes[0]
17:15:22 | INFO: glTF import finished in 0.02s
STEP import_low: 0.09 s
STEP weld: 0.01 s
STEP uvs: 2.76 s
STEP normals: 0.00 s
17:15:24 | INFO: Data are loaded, start creating Blender stuff
17:15:24 | INFO: Blender create Mesh node meshes[0]
17:15:27 | INFO: glTF import finished in 2.74s
STEP import_high: 2.75 s
STEP ray_check: 4.74 s
00:10.850  cycles           | WARNING HIPEW initialization failed: Error opening HIP dynamic library
STEP bake_normal: 3.39 s
STEP bake_basecolor: 3.51 s
STEP bake_metallic_roughness: 3.65 s
STEP material: 0.27 s
INFO Draco is available, use library at .tools/blender-5.2.2-linux-x64/lib/libbf_intern_draco_bridge.so
INFO MeshOptimizer is available, use library at .tools/blender-5.2.2-linux-x64/lib/libbf_intern_meshopt_bridge.so
17:15:43 | INFO: Starting glTF 2.0 export
17:15:43 | INFO: Extracting primitive: meshes[0]
17:15:43 | WARNING: More than one shader node tex image used for a texture. The resulting glTF sampler will behave like the first shader node tex image.
17:15:43 | INFO: Primitives created: 1
17:15:43 | INFO: Finished glTF 2.0 export in 0.01839303970336914 s

STEP export: 0.06 s
FACTS {"stage": "uv_bake", "source": "learn/research/blender-stages-trial/models/red_crate__collapse5k_r1.glb", "settings": {"high": "learn/research/tripo-api-trial/models/crate_h31_default.glb", "weld": 1e-06, "uv": "keep", "angle": 66.0, "island_margin": 0.003, "seam_angle": 60.0, "pack": "concave", "pack_margin": 0.001, "margin_method": "ADD", "normals": "clear", "sharp_angle": 0.0, "size": 2048, "samples": 1, "device": "GPU", "cage_extrusion": 0.001, "max_ray_distance": 0.002, "cage": "auto", "margin": 2, "margin_type": "ADJACENT_FACES", "colour": "emit", "fit": "none", "jpeg": true, "jpeg_quality": 90, "bake": true}, "low_before": {"vertices": 6276, "faces": 5000, "triangles": 5000, "uv_layers": ["UVMap"], "has_custom_normals": true, "normals_domain": "CORNER", "smooth_faces": 4505, "sharp_edges": 0, "materials": ["tripo_material_0582d435-7945-4be0-bc61-d29fc1979aab"], "attributes": ["UVMap", "custom_normal", "material_index", "position", "sharp_edge", "sharp_face"]}, "weld_joined": 3774, "high": {"vertices": 900730, "faces": 1801451, "triangles": 1801451, "uv_layers": ["UVMap"], "has_custom_normals": true, "normals_domain": "CORNER", "smooth_faces": 1375189, "sharp_edges": 0, "materials": ["tripo_material_0582d435-7945-4be0-bc61-d29fc1979aab.001"], "attributes": ["UVMap", "custom_normal", "material_index", "position", "sharp_edge", "sharp_face"]}, "cage_chosen": {"cage_extrusion": 0.001, "max_ray_distance": 0.002}, "ray_check": {"points": 4996, "missed": 10, "missed_share": 0.0020016012810248197, "hit_distance_from_low_surface": {"median": 2.9642880894243696e-05, "p95": 0.0001152060469612479, "p99": 0.00017788192396983506, "largest": 0.0005607699751853943}, "nearest_dense_surface": {"median": 2.963515362353064e-05, "p95": 0.00011325476225465536, "p99": 0.00016204226994886994, "largest": 0.00037247309228405356}, "hits_further_than_twice_p99_nearest": 0.001604492579221821}, "device_wanted": "GPU", "device": "OPTIX", "device_names": ["NVIDIA GeForce RTX 3080"], "high_textures": {"basecolor": "crate_h31_default_basecolor.jpg", "metallic_roughness": "crate_h31_default_rm.jpg", "normal": "crate_h31_default_normal.png"}, "images": {"basecolor": {"size": [2048, 2048], "file_format": "JPEG", "colorspace": "sRGB", "is_dirty": false, "source": "FILE"}, "metallic_roughness": {"size": [2048, 2048], "file_format": "JPEG", "colorspace": "Non-Color", "is_dirty": false, "source": "FILE"}, "normal": {"size": [2048, 2048], "file_format": "PNG", "colorspace": "Non-Color", "is_dirty": false, "source": "FILE"}}, "low_after": {"vertices": 2502, "faces": 5000, "triangles": 5000, "uv_layers": ["UVMap"], "has_custom_normals": false, "normals_domain": "POINT", "smooth_faces": 5000, "sharp_edges": 0, "materials": ["baked"], "attributes": ["UVMap", "position"]}, "after": {"vertices": 2502, "edges": 7500, "faces": 5000, "triangles": 5000, "boundary_edges": 0, "non_manifold_edges": 0, "wire_edges": 0, "loose_vertices": 0, "flipped_edges": 0, "degenerate_faces": 4, "zero_length_edges": 0, "boundary_loops": 0, "pieces": 1, "largest_pieces": [5000]}, "seconds": {"import_low": 0.093, "weld": 0.011, "uvs": 2.761, "normals": 0.0, "import_high": 2.752, "ray_check": 4.742, "bake_normal": 3.392, "bake_basecolor": 3.506, "bake_metallic_roughness": 3.653, "material": 0.265, "export": 0.055}, "blender": "5.2.2 LTS"}
Blender 5.2.2 LTS (hash d13f752e3b9c built 2026-09-15 01:34:58)
