16:39:16 | INFO: Data are loaded, start creating Blender stuff
16:39:16 | INFO: Blender create Mesh node meshes[0]
16:39:16 | INFO: glTF import finished in 0.04s
STEP import_low: 0.12 s
STEP weld: 0.04 s
STEP uvs: 0.07 s
STEP normals: 0.00 s
16:39:16 | INFO: Data are loaded, start creating Blender stuff
16:39:16 | INFO: Blender create Mesh node meshes[0]
16:39:19 | INFO: glTF import finished in 2.97s
STEP import_high: 2.98 s
STEP ray_check: 3.11 s
00:06.679  cycles           | WARNING HIPEW initialization failed: Error opening HIP dynamic library
STEP bake_normal: 3.75 s
STEP bake_basecolor: 3.95 s
STEP bake_metallic_roughness: 3.83 s
STEP material: 0.26 s
INFO Draco is available, use library at .tools/blender-5.2.2-linux-x64/lib/libbf_intern_draco_bridge.so
INFO MeshOptimizer is available, use library at .tools/blender-5.2.2-linux-x64/lib/libbf_intern_meshopt_bridge.so
16:39:34 | INFO: Starting glTF 2.0 export
16:39:34 | INFO: Extracting primitive: meshes[0]
16:39:34 | WARNING: More than one shader node tex image used for a texture. The resulting glTF sampler will behave like the first shader node tex image.
16:39:34 | INFO: Primitives created: 1
16:39:34 | INFO: Finished glTF 2.0 export in 0.02490067481994629 s

STEP export: 0.14 s
FACTS {"stage": "uv_bake", "source": "learn/research/blender-stages-trial/models/red_crate__collapse20k_r1.glb", "settings": {"high": "learn/research/tripo-api-trial/models/crate_h31_default.glb", "weld": 1e-06, "uv": "smart", "angle": 66.0, "island_margin": 0.003, "seam_angle": 60.0, "pack": "none", "pack_margin": 0.003, "normals": "clear", "sharp_angle": 0.0, "size": 2048, "samples": 1, "device": "GPU", "cage_extrusion": 0.0, "max_ray_distance": 0.0, "margin": 8, "margin_type": "ADJACENT_FACES", "colour": "emit", "fit": "none", "jpeg": true, "jpeg_quality": 90, "bake": true}, "low_before": {"vertices": 20612, "faces": 20000, "triangles": 20000, "uv_layers": ["UVMap"], "has_custom_normals": true, "normals_domain": "CORNER", "smooth_faces": 18768, "sharp_edges": 0, "materials": ["tripo_material_0582d435-7945-4be0-bc61-d29fc1979aab"], "attributes": ["UVMap", "custom_normal", "material_index", "position", "sharp_edge", "sharp_face"]}, "weld_joined": 10610, "high": {"vertices": 900730, "faces": 1801451, "triangles": 1801451, "uv_layers": ["UVMap"], "has_custom_normals": true, "normals_domain": "CORNER", "smooth_faces": 1375189, "sharp_edges": 0, "materials": ["tripo_material_0582d435-7945-4be0-bc61-d29fc1979aab.001"], "attributes": ["UVMap", "custom_normal", "material_index", "position", "sharp_edge", "sharp_face"]}, "ray_check": {"points": 19996, "missed": 22, "missed_share": 0.0011002200440088017, "hit_distance_from_low_surface": {"median": 2.9624106900882907e-05, "p95": 0.9285797476768494, "p99": 0.9812825322151184, "largest": 1.345026969909668}, "nearest_dense_surface": {"median": 1.241087829839671e-05, "p95": 4.19069838244468e-05, "p99": 6.538316665682942e-05, "largest": 0.0001885436213342473}, "hits_further_than_twice_p99_nearest": 0.42014619004706116}, "device_wanted": "GPU", "device": "OPTIX", "device_names": ["NVIDIA GeForce RTX 3080"], "high_textures": {"basecolor": "crate_h31_default_basecolor.jpg", "metallic_roughness": "crate_h31_default_rm.jpg", "normal": "crate_h31_default_normal.png"}, "images": {"basecolor": {"size": [2048, 2048], "file_format": "JPEG", "colorspace": "sRGB", "is_dirty": false, "source": "FILE"}, "metallic_roughness": {"size": [2048, 2048], "file_format": "JPEG", "colorspace": "Non-Color", "is_dirty": false, "source": "FILE"}, "normal": {"size": [2048, 2048], "file_format": "PNG", "colorspace": "Non-Color", "is_dirty": false, "source": "FILE"}}, "low_after": {"vertices": 10002, "faces": 20000, "triangles": 20000, "uv_layers": ["UVMap"], "has_custom_normals": false, "normals_domain": "POINT", "smooth_faces": 20000, "sharp_edges": 0, "materials": ["baked"], "attributes": ["UVMap", "position"]}, "after": {"vertices": 10002, "edges": 30000, "faces": 20000, "triangles": 20000, "boundary_edges": 0, "non_manifold_edges": 0, "wire_edges": 0, "loose_vertices": 0, "flipped_edges": 0, "degenerate_faces": 4, "zero_length_edges": 0, "boundary_loops": 0, "pieces": 1, "largest_pieces": [20000]}, "seconds": {"import_low": 0.115, "weld": 0.038, "uvs": 0.065, "normals": 0.0, "import_high": 2.983, "ray_check": 3.11, "bake_normal": 3.752, "bake_basecolor": 3.946, "bake_metallic_roughness": 3.83, "material": 0.258, "export": 0.142}, "blender": "5.2.2 LTS"}
Blender 5.2.2 LTS (hash d13f752e3b9c built 2026-09-15 01:34:58)
