17:09:55 | INFO: Data are loaded, start creating Blender stuff
17:09:55 | INFO: Blender create Mesh node meshes[0]
17:09:55 | INFO: glTF import finished in 0.02s
STEP import_low: 0.12 s
STEP weld: 0.01 s
STEP uvs: 0.18 s
STEP normals: 0.00 s
17:09:55 | INFO: Data are loaded, start creating Blender stuff
17:09:55 | INFO: Blender create Mesh node meshes[0]
17:09:59 | INFO: glTF import finished in 3.55s
STEP import_high: 3.56 s
STEP ray_check: 3.52 s
00:07.827  cycles           | WARNING HIPEW initialization failed: Error opening HIP dynamic library
STEP bake_normal: 3.41 s
STEP bake_basecolor: 4.44 s
STEP bake_metallic_roughness: 4.32 s
STEP material: 0.31 s
INFO Draco is available, use library at .tools/blender-5.2.2-linux-x64/lib/libbf_intern_draco_bridge.so
INFO MeshOptimizer is available, use library at .tools/blender-5.2.2-linux-x64/lib/libbf_intern_meshopt_bridge.so
17:10:15 | INFO: Starting glTF 2.0 export
17:10:15 | INFO: Extracting primitive: meshes[0]
17:10:15 | WARNING: More than one shader node tex image used for a texture. The resulting glTF sampler will behave like the first shader node tex image.
17:10:15 | INFO: Primitives created: 1
17:10:15 | INFO: Finished glTF 2.0 export in 0.01919698715209961 s

STEP export: 0.06 s
FACTS {"stage": "uv_bake", "source": "learn/research/blender-stages-trial/models/red_orb__collapse5k_r1.glb", "settings": {"high": "learn/research/tripo-api-trial/models/orb_h31_default.glb", "weld": 1e-06, "uv": "smart", "angle": 66.0, "island_margin": 0.003, "seam_angle": 60.0, "pack": "none", "pack_margin": 0.003, "margin_method": "SCALED", "normals": "clear", "sharp_angle": 0.0, "size": 2048, "samples": 1, "device": "GPU", "cage_extrusion": 0.02, "max_ray_distance": 0.04, "margin": 8, "margin_type": "ADJACENT_FACES", "colour": "emit", "fit": "none", "jpeg": true, "jpeg_quality": 90, "bake": true}, "low_before": {"vertices": 2474, "faces": 5000, "triangles": 5000, "uv_layers": ["UVMap"], "has_custom_normals": true, "normals_domain": "CORNER", "smooth_faces": 5000, "sharp_edges": 0, "materials": ["tripo_material_2fd72e19-ce80-43bb-a68b-793ab6abe00c"], "attributes": ["UVMap", "custom_normal", "material_index", "position", "sharp_edge", "sharp_face"]}, "weld_joined": 0, "high": {"vertices": 975885, "faces": 1951822, "triangles": 1951822, "uv_layers": ["UVMap"], "has_custom_normals": true, "normals_domain": "CORNER", "smooth_faces": 1951822, "sharp_edges": 0, "materials": ["tripo_material_2fd72e19-ce80-43bb-a68b-793ab6abe00c.001"], "attributes": ["UVMap", "custom_normal", "material_index", "position", "sharp_edge", "sharp_face"]}, "ray_check": {"points": 5000, "missed": 34, "missed_share": 0.0068, "hit_distance_from_low_surface": {"median": 0.001411262452602386, "p95": 0.011997364908456803, "p99": 0.018258123407140375, "largest": 0.019966921564919176}, "nearest_dense_surface": {"median": 0.0011175230611115694, "p95": 0.003400973277166486, "p99": 0.004397043026983738, "largest": 0.011726229451596737}, "hits_further_than_twice_p99_nearest": 0.07128473620620218}, "device_wanted": "GPU", "device": "OPTIX", "device_names": ["NVIDIA GeForce RTX 3080"], "high_textures": {"basecolor": "orb_h31_default_basecolor.jpg", "metallic_roughness": "orb_h31_default_rm.jpg", "normal": "orb_h31_default_normal.png"}, "images": {"basecolor": {"size": [2048, 2048], "file_format": "JPEG", "colorspace": "sRGB", "is_dirty": false, "source": "FILE"}, "metallic_roughness": {"size": [2048, 2048], "file_format": "JPEG", "colorspace": "Non-Color", "is_dirty": false, "source": "FILE"}, "normal": {"size": [2048, 2048], "file_format": "PNG", "colorspace": "Non-Color", "is_dirty": false, "source": "FILE"}}, "low_after": {"vertices": 2474, "faces": 5000, "triangles": 5000, "uv_layers": ["UVMap"], "has_custom_normals": false, "normals_domain": "POINT", "smooth_faces": 5000, "sharp_edges": 0, "materials": ["baked"], "attributes": ["UVMap", "position"]}, "after": {"vertices": 2474, "edges": 7500, "faces": 5000, "triangles": 5000, "boundary_edges": 0, "non_manifold_edges": 0, "wire_edges": 0, "loose_vertices": 0, "flipped_edges": 0, "degenerate_faces": 0, "zero_length_edges": 0, "boundary_loops": 0, "pieces": 1, "largest_pieces": [5000]}, "seconds": {"import_low": 0.115, "weld": 0.009, "uvs": 0.185, "normals": 0.0, "import_high": 3.565, "ray_check": 3.525, "bake_normal": 3.406, "bake_basecolor": 4.436, "bake_metallic_roughness": 4.323, "material": 0.309, "export": 0.059}, "blender": "5.2.2 LTS"}
Blender 5.2.2 LTS (hash d13f752e3b9c built 2026-09-15 01:34:58)
