18:36:23 | INFO: Data are loaded, start creating Blender stuff
18:36:23 | INFO: Blender create Mesh node meshes[0]
18:36:26 | INFO: glTF import finished in 2.95s
STEP import: 3.06 s
STEP count_before: 3.21 s
STEP weld: 1.28 s
STEP degenerate: 1.78 s
STEP loose: 1.40 s
STEP hidden_pieces: 6.39 s
STEP recalc_normals: 2.62 s
STEP count_after: 2.33 s
INFO Draco is available, use library at .tools/blender-5.2.2-linux-x64/lib/libbf_intern_draco_bridge.so
INFO MeshOptimizer is available, use library at .tools/blender-5.2.2-linux-x64/lib/libbf_intern_meshopt_bridge.so
18:36:45 | INFO: Starting glTF 2.0 export
18:36:46 | INFO: Extracting primitive: meshes[0]
18:36:47 | WARNING: More than one shader node tex image used for a texture. The resulting glTF sampler will behave like the first shader node tex image.
18:36:48 | INFO: Primitives created: 1
18:36:48 | INFO: Finished glTF 2.0 export in 2.27675199508667 s

STEP export: 2.29 s
FACTS {"stage": "repair", "source": "learn/research/tripo-api-trial/models/crate_h31_default.glb", "settings": {"weld": 1e-05, "degenerate": 1e-05, "loose": true, "small_pieces": 0.0, "small_pieces_by": "area", "hidden_pieces": true, "recalc_normals": true, "fill_holes": -1, "normals": "keep", "sharp_angle": 30.0, "count_each": false, "count": false}, "before_object": {"vertices": 900730, "faces": 1801451, "triangles": 1801451, "uv_layers": ["UVMap"], "has_custom_normals": true, "normals_domain": "CORNER", "smooth_faces": 1375189, "sharp_edges": 0, "materials": ["tripo_material_0582d435-7945-4be0-bc61-d29fc1979aab"], "attributes": ["UVMap", "custom_normal", "material_index", "position", "sharp_edge", "sharp_face"]}, "bounds_before": [[-0.4902801215648651, -0.4835968017578125, 0.0], [0.4902801215648651, 0.4835968017578125, 0.9291381239891052]], "surface_area_before": 6.5225444339657175, "after_weld": {"vertices_joined": 3}, "after_degenerate": {"faces_removed": 46, "vertices_removed": 0}, "after_loose": {"wire_edges_removed": 0, "vertices_removed": 0}, "after_hidden_pieces": {"pieces_removed": 0, "triangles_removed": 0, "share_of_surface_removed": 0.0}, "after_recalc_normals": {"faces_turned": 10}, "surface_area_after": 6.522544406008803, "custom_normals_after_edit": true, "steps_done": ["weld", "degenerate", "loose", "hidden_pieces", "recalc_normals"], "after_object": {"vertices": 900727, "faces": 1801403, "triangles": 1801450, "uv_layers": ["UVMap"], "has_custom_normals": true, "normals_domain": "CORNER", "smooth_faces": 1375141, "sharp_edges": 0, "materials": ["tripo_material_0582d435-7945-4be0-bc61-d29fc1979aab"], "attributes": ["UVMap", "custom_normal", "position", "sharp_face"]}, "bounds_after": [[-0.4902801215648651, -0.4835968017578125, 0.0], [0.4902801215648651, 0.4835968017578125, 0.9291381239891052]], "seconds": {"import": 3.057, "count_before": 3.208, "weld": 1.284, "degenerate": 1.783, "loose": 1.4, "hidden_pieces": 6.39, "recalc_normals": 2.625, "count_after": 2.325, "export": 2.291}, "blender": "5.2.2 LTS"}
Blender 5.2.2 LTS (hash d13f752e3b9c built 2026-09-15 01:34:58)
