18:33:28 | INFO: Data are loaded, start creating Blender stuff
18:33:28 | INFO: Blender create Mesh node meshes[0]
18:33:31 | INFO: glTF import finished in 3.11s
STEP import: 3.20 s
STEP count_before: 3.35 s
STEP weld: 2.32 s
STEP degenerate: 0.94 s
STEP loose: 1.44 s
STEP hidden_pieces: 6.00 s
STEP recalc_normals: 2.28 s
STEP count_after: 2.31 s
INFO Draco is available, use library at .tools/blender-5.2.2-linux-x64/lib/libbf_intern_draco_bridge.so
INFO MeshOptimizer is available, use library at .tools/blender-5.2.2-linux-x64/lib/libbf_intern_meshopt_bridge.so
18:33:49 | INFO: Starting glTF 2.0 export
18:33:50 | INFO: Extracting primitive: meshes[0]
18:33:51 | WARNING: More than one shader node tex image used for a texture. The resulting glTF sampler will behave like the first shader node tex image.
18:33:52 | INFO: Primitives created: 1
18:33:52 | INFO: Finished glTF 2.0 export in 2.492877721786499 s

STEP export: 2.51 s
FACTS {"stage": "repair", "source": "learn/research/tripo-api-trial/models/orb_h31_default.glb", "settings": {"weld": 1e-05, "degenerate": 1e-05, "loose": true, "small_pieces": 0.0, "small_pieces_by": "area", "hidden_pieces": true, "recalc_normals": true, "fill_holes": -1, "normals": "keep", "sharp_angle": 30.0, "count_each": false, "count": false}, "before_object": {"vertices": 975885, "faces": 1951822, "triangles": 1951822, "uv_layers": ["UVMap"], "has_custom_normals": true, "normals_domain": "CORNER", "smooth_faces": 1951822, "sharp_edges": 0, "materials": ["tripo_material_2fd72e19-ce80-43bb-a68b-793ab6abe00c"], "attributes": ["UVMap", "custom_normal", "material_index", "position", "sharp_edge", "sharp_face"]}, "bounds_before": [[-0.3774566650390625, -0.489654541015625, 0.0], [0.3774566650390625, 0.489654541015625, 0.980804443359375]], "surface_area_before": 2.5185643299847422, "after_weld": {"vertices_joined": 3}, "after_degenerate": {"faces_removed": 0, "vertices_removed": 0}, "after_loose": {"wire_edges_removed": 0, "vertices_removed": 0}, "after_hidden_pieces": {"pieces_removed": 0, "triangles_removed": 0, "share_of_surface_removed": 0.0}, "after_recalc_normals": {"faces_turned": 9}, "surface_area_after": 2.518564329971384, "custom_normals_after_edit": true, "steps_done": ["weld", "degenerate", "loose", "hidden_pieces", "recalc_normals"], "after_object": {"vertices": 975882, "faces": 1951822, "triangles": 1951822, "uv_layers": ["UVMap"], "has_custom_normals": true, "normals_domain": "CORNER", "smooth_faces": 1951822, "sharp_edges": 0, "materials": ["tripo_material_2fd72e19-ce80-43bb-a68b-793ab6abe00c"], "attributes": ["UVMap", "custom_normal", "position"]}, "bounds_after": [[-0.3774566650390625, -0.489654541015625, 0.0], [0.3774566650390625, 0.489654541015625, 0.980804443359375]], "seconds": {"import": 3.204, "count_before": 3.35, "weld": 2.316, "degenerate": 0.94, "loose": 1.444, "hidden_pieces": 6.001, "recalc_normals": 2.282, "count_after": 2.312, "export": 2.506}, "blender": "5.2.2 LTS"}
Blender 5.2.2 LTS (hash d13f752e3b9c built 2026-09-15 01:34:58)
