17:46:05 | INFO: Data are loaded, start creating Blender stuff
17:46:05 | INFO: Blender create Mesh node meshes[0]
17:46:08 | INFO: glTF import finished in 3.21s
STEP import: 3.29 s
STEP count_before: 3.22 s
STEP weld: 1.19 s
STEP degenerate: 1.62 s
STEP loose: 1.36 s
STEP hidden_pieces: 6.53 s
STEP recalc_normals: 2.76 s
STEP count_after: 2.57 s
INFO Draco is available, use library at .tools/blender-5.2.2-linux-x64/lib/libbf_intern_draco_bridge.so
INFO MeshOptimizer is available, use library at .tools/blender-5.2.2-linux-x64/lib/libbf_intern_meshopt_bridge.so
17:46:27 | INFO: Starting glTF 2.0 export
17:46:28 | INFO: Extracting primitive: meshes[0]
17:46:29 | WARNING: More than one shader node tex image used for a texture. The resulting glTF sampler will behave like the first shader node tex image.
17:46:30 | INFO: Primitives created: 1
17:46:31 | INFO: Finished glTF 2.0 export in 3.196258783340454 s

STEP export: 3.21 s
FACTS {"stage": "repair", "source": "learn/research/tripo-api-trial/models/crate_h31_default.glb", "settings": {"weld": 1e-05, "degenerate": 1e-05, "loose": true, "small_pieces": 0.0, "small_pieces_by": "area", "hidden_pieces": true, "recalc_normals": true, "fill_holes": -1, "normals": "keep", "sharp_angle": 30.0, "count_each": false, "count": false}, "before_object": {"vertices": 900730, "faces": 1801451, "triangles": 1801451, "uv_layers": ["UVMap"], "has_custom_normals": true, "normals_domain": "CORNER", "smooth_faces": 1375189, "sharp_edges": 0, "materials": ["tripo_material_0582d435-7945-4be0-bc61-d29fc1979aab"], "attributes": ["UVMap", "custom_normal", "material_index", "position", "sharp_edge", "sharp_face"]}, "bounds_before": [[-0.4902801215648651, -0.4835968017578125, 0.0], [0.4902801215648651, 0.4835968017578125, 0.9291381239891052]], "surface_area_before": 6.5225444339657175, "after_weld": {"vertices_joined": 3}, "after_degenerate": {"faces_removed": 46, "vertices_removed": 0}, "after_loose": {"wire_edges_removed": 0, "vertices_removed": 0}, "after_hidden_pieces": {"pieces_removed": 0, "triangles_removed": 0, "share_of_surface_removed": 0.0}, "after_recalc_normals": {"faces_turned": 10}, "surface_area_after": 6.522544406008803, "custom_normals_after_edit": true, "steps_done": ["weld", "degenerate", "loose", "hidden_pieces", "recalc_normals"], "after_object": {"vertices": 900727, "faces": 1801403, "triangles": 1801450, "uv_layers": ["UVMap"], "has_custom_normals": true, "normals_domain": "CORNER", "smooth_faces": 1375141, "sharp_edges": 0, "materials": ["tripo_material_0582d435-7945-4be0-bc61-d29fc1979aab"], "attributes": ["UVMap", "custom_normal", "position", "sharp_face"]}, "bounds_after": [[-0.4902801215648651, -0.4835968017578125, 0.0], [0.4902801215648651, 0.4835968017578125, 0.9291381239891052]], "seconds": {"import": 3.294, "count_before": 3.221, "weld": 1.194, "degenerate": 1.621, "loose": 1.36, "hidden_pieces": 6.532, "recalc_normals": 2.758, "count_after": 2.572, "export": 3.211}, "blender": "5.2.2 LTS"}
Blender 5.2.2 LTS (hash d13f752e3b9c built 2026-09-15 01:34:58)
