18:01:22 | INFO: Data are loaded, start creating Blender stuff
18:01:22 | INFO: Blender create Mesh node meshes[0]
18:01:22 | INFO: glTF import finished in 0.09s
STEP import_low: 0.17 s
STEP weld: 0.06 s
STEP uvs: 3.36 s
STEP normals: 0.00 s
18:01:25 | INFO: Data are loaded, start creating Blender stuff
18:01:25 | INFO: Blender create Mesh node meshes[0]
18:01:29 | INFO: glTF import finished in 4.00s
STEP import_high: 4.02 s
STEP ray_check: 5.96 s
STEP bake_normal: 10.70 s
STEP bake_basecolor: 13.10 s
STEP bake_metallic_roughness: 12.69 s
STEP material: 0.32 s
INFO Draco is available, use library at .tools/blender-5.2.2-linux-x64/lib/libbf_intern_draco_bridge.so
INFO MeshOptimizer is available, use library at .tools/blender-5.2.2-linux-x64/lib/libbf_intern_meshopt_bridge.so
18:02:12 | INFO: Starting glTF 2.0 export
18:02:12 | INFO: Extracting primitive: meshes[0]
18:02:12 | WARNING: More than one shader node tex image used for a texture. The resulting glTF sampler will behave like the first shader node tex image.
18:02:12 | INFO: Primitives created: 1
18:02:12 | INFO: Finished glTF 2.0 export in 0.02654242515563965 s

STEP export: 0.16 s
FACTS {"stage": "uv_bake", "source": "learn/research/blender-stages-trial/models/chain_crate_keep1t_a_2_reduce.glb", "settings": {"high": "learn/research/tripo-api-trial/models/crate_h31_default.glb", "weld": 1e-06, "uv": "keep", "angle": 66.0, "island_margin": 0.003, "seam_angle": 60.0, "pack": "concave", "pack_margin": 0.001, "margin_method": "ADD", "normals": "clear", "sharp_angle": 0.0, "size": 2048, "samples": 1, "device": "CPU", "cage_extrusion": 0.001, "max_ray_distance": 0.002, "cage": "auto", "margin": 8, "margin_type": "ADJACENT_FACES", "colour": "emit", "fit": "none", "one_thread_normal": false, "jpeg": true, "jpeg_quality": 90, "bake": true}, "low_before": {"vertices": 38684, "faces": 19999, "triangles": 19999, "uv_layers": ["UVMap"], "has_custom_normals": true, "normals_domain": "CORNER", "smooth_faces": 13852, "sharp_edges": 0, "materials": ["tripo_material_0582d435-7945-4be0-bc61-d29fc1979aab"], "attributes": ["UVMap", "custom_normal", "material_index", "position", "sharp_edge", "sharp_face"]}, "weld_joined": 26329, "high": {"vertices": 900730, "faces": 1801451, "triangles": 1801451, "uv_layers": ["UVMap"], "has_custom_normals": true, "normals_domain": "CORNER", "smooth_faces": 1375189, "sharp_edges": 0, "materials": ["tripo_material_0582d435-7945-4be0-bc61-d29fc1979aab.001"], "attributes": ["UVMap", "custom_normal", "material_index", "position", "sharp_edge", "sharp_face"]}, "cage_chosen": {"cage_extrusion": 0.001, "max_ray_distance": 0.002}, "ray_check": {"points": 20000, "missed": 0, "missed_share": 0.0, "hit_distance_from_low_surface": {"median": 1.6210648231208304e-05, "p95": 0.00010261456575244663, "p99": 0.00016337370127439497, "largest": 0.0008290055082179606}, "nearest_dense_surface": {"median": 1.621246337890625e-05, "p95": 0.0001025134333758615, "p99": 0.00016301624418701977, "largest": 0.0008270534453913569}, "hits_further_than_twice_p99_nearest": 0.00075}, "device_wanted": "CPU", "device": "CPU", "high_textures": {"basecolor": "crate_h31_default_basecolor.jpg", "metallic_roughness": "crate_h31_default_rm.jpg", "normal": "crate_h31_default_normal.png"}, "images": {"basecolor": {"size": [2048, 2048], "file_format": "JPEG", "colorspace": "sRGB", "is_dirty": false, "source": "FILE"}, "metallic_roughness": {"size": [2048, 2048], "file_format": "JPEG", "colorspace": "Non-Color", "is_dirty": false, "source": "FILE"}, "normal": {"size": [2048, 2048], "file_format": "PNG", "colorspace": "Non-Color", "is_dirty": false, "source": "FILE"}}, "low_after": {"vertices": 12355, "faces": 19999, "triangles": 19999, "uv_layers": ["UVMap"], "has_custom_normals": false, "normals_domain": "POINT", "smooth_faces": 19999, "sharp_edges": 0, "materials": ["baked"], "attributes": ["UVMap", "position"]}, "after": {"vertices": 12355, "edges": 35122, "faces": 19999, "triangles": 19999, "boundary_edges": 10248, "non_manifold_edges": 1, "wire_edges": 0, "loose_vertices": 0, "flipped_edges": 0, "degenerate_faces": 0, "zero_length_edges": 0, "boundary_loops": 2116, "pieces": 99, "largest_pieces": [19897, 2, 2, 2, 2, 1, 1, 1]}, "seconds": {"import_low": 0.168, "weld": 0.06, "uvs": 3.357, "normals": 0.0, "import_high": 4.016, "ray_check": 5.957, "bake_normal": 10.703, "bake_basecolor": 13.096, "bake_metallic_roughness": 12.69, "material": 0.317, "export": 0.161}, "blender": "5.2.2 LTS"}
Blender 5.2.2 LTS (hash d13f752e3b9c built 2026-09-15 01:34:58)
