17:56:35 | INFO: Data are loaded, start creating Blender stuff
17:56:35 | INFO: Blender create Mesh node meshes[0]
17:56:37 | INFO: glTF import finished in 2.77s
STEP import: 2.86 s
STEP count_before: 3.17 s
STEP weld: 2.35 s
STEP degenerate: 0.89 s
STEP loose: 1.36 s
STEP hidden_pieces: 6.02 s
STEP recalc_normals: 2.19 s
STEP count_after: 2.25 s
INFO Draco is available, use library at .tools/blender-5.2.2-linux-x64/lib/libbf_intern_draco_bridge.so
INFO MeshOptimizer is available, use library at .tools/blender-5.2.2-linux-x64/lib/libbf_intern_meshopt_bridge.so
17:56:56 | INFO: Starting glTF 2.0 export
17:56:56 | INFO: Extracting primitive: meshes[0]
17:56:57 | WARNING: More than one shader node tex image used for a texture. The resulting glTF sampler will behave like the first shader node tex image.
17:56:58 | INFO: Primitives created: 1
17:56:58 | INFO: Finished glTF 2.0 export in 2.386218309402466 s

STEP export: 2.40 s
FACTS {"stage": "repair", "source": "learn/research/tripo-api-trial/models/orb_h31_default.glb", "settings": {"weld": 1e-05, "degenerate": 1e-05, "loose": true, "small_pieces": 0.0, "small_pieces_by": "area", "hidden_pieces": true, "recalc_normals": true, "fill_holes": -1, "normals": "keep", "sharp_angle": 30.0, "count_each": false, "count": false}, "before_object": {"vertices": 975885, "faces": 1951822, "triangles": 1951822, "uv_layers": ["UVMap"], "has_custom_normals": true, "normals_domain": "CORNER", "smooth_faces": 1951822, "sharp_edges": 0, "materials": ["tripo_material_2fd72e19-ce80-43bb-a68b-793ab6abe00c"], "attributes": ["UVMap", "custom_normal", "material_index", "position", "sharp_edge", "sharp_face"]}, "bounds_before": [[-0.3774566650390625, -0.489654541015625, 0.0], [0.3774566650390625, 0.489654541015625, 0.980804443359375]], "surface_area_before": 2.5185643299847422, "after_weld": {"vertices_joined": 3}, "after_degenerate": {"faces_removed": 0, "vertices_removed": 0}, "after_loose": {"wire_edges_removed": 0, "vertices_removed": 0}, "after_hidden_pieces": {"pieces_removed": 0, "triangles_removed": 0, "share_of_surface_removed": 0.0}, "after_recalc_normals": {"faces_turned": 9}, "surface_area_after": 2.518564329971384, "custom_normals_after_edit": true, "steps_done": ["weld", "degenerate", "loose", "hidden_pieces", "recalc_normals"], "after_object": {"vertices": 975882, "faces": 1951822, "triangles": 1951822, "uv_layers": ["UVMap"], "has_custom_normals": true, "normals_domain": "CORNER", "smooth_faces": 1951822, "sharp_edges": 0, "materials": ["tripo_material_2fd72e19-ce80-43bb-a68b-793ab6abe00c"], "attributes": ["UVMap", "custom_normal", "position"]}, "bounds_after": [[-0.3774566650390625, -0.489654541015625, 0.0], [0.3774566650390625, 0.489654541015625, 0.980804443359375]], "seconds": {"import": 2.856, "count_before": 3.167, "weld": 2.354, "degenerate": 0.894, "loose": 1.364, "hidden_pieces": 6.019, "recalc_normals": 2.192, "count_after": 2.248, "export": 2.398}, "blender": "5.2.2 LTS"}
Blender 5.2.2 LTS (hash d13f752e3b9c built 2026-09-15 01:34:58)
