18:37:20 | INFO: Data are loaded, start creating Blender stuff
18:37:20 | INFO: Blender create Mesh node meshes[0]
18:37:20 | INFO: glTF import finished in 0.05s
STEP import_low: 0.12 s
STEP weld: 0.04 s
STEP uvs: 0.07 s
STEP normals: 0.00 s
18:37:20 | INFO: Data are loaded, start creating Blender stuff
18:37:20 | INFO: Blender create Mesh node meshes[0]
18:37:23 | INFO: glTF import finished in 2.55s
STEP import_high: 2.56 s
STEP ray_check: 4.86 s
00:08.014  cycles           | WARNING HIPEW initialization failed: Error opening HIP dynamic library
STEP bake_normal: 2.68 s
STEP bake_basecolor: 3.03 s
STEP bake_metallic_roughness: 3.02 s
STEP material: 0.21 s
INFO Draco is available, use library at .tools/blender-5.2.2-linux-x64/lib/libbf_intern_draco_bridge.so
INFO MeshOptimizer is available, use library at .tools/blender-5.2.2-linux-x64/lib/libbf_intern_meshopt_bridge.so
18:37:36 | INFO: Starting glTF 2.0 export
18:37:36 | INFO: Extracting primitive: meshes[0]
18:37:36 | WARNING: More than one shader node tex image used for a texture. The resulting glTF sampler will behave like the first shader node tex image.
18:37:36 | INFO: Primitives created: 1
18:37:36 | INFO: Finished glTF 2.0 export in 0.021869897842407227 s

STEP export: 0.12 s
FACTS {"stage": "uv_bake", "source": "learn/research/blender-stages-trial/models/chain_crate_smart_a_2_reduce.glb", "settings": {"high": "learn/research/tripo-api-trial/models/crate_h31_default.glb", "weld": 1e-06, "uv": "smart", "angle": 66.0, "island_margin": 0.003, "seam_angle": 60.0, "pack": "none", "pack_margin": 0.003, "margin_method": "SCALED", "normals": "clear", "sharp_angle": 0.0, "size": 2048, "samples": 1, "device": "GPU", "cage_extrusion": 0.001, "max_ray_distance": 0.002, "cage": "auto", "margin": 8, "margin_type": "ADJACENT_FACES", "colour": "emit", "fit": "none", "one_thread_normal": false, "jpeg": true, "jpeg_quality": 90, "bake": true}, "low_before": {"vertices": 20606, "faces": 19999, "triangles": 19999, "uv_layers": ["UVMap"], "has_custom_normals": true, "normals_domain": "CORNER", "smooth_faces": 18781, "sharp_edges": 0, "materials": ["tripo_material_0582d435-7945-4be0-bc61-d29fc1979aab"], "attributes": ["UVMap", "custom_normal", "material_index", "position", "sharp_edge", "sharp_face"]}, "weld_joined": 10604, "high": {"vertices": 900730, "faces": 1801451, "triangles": 1801451, "uv_layers": ["UVMap"], "has_custom_normals": true, "normals_domain": "CORNER", "smooth_faces": 1375189, "sharp_edges": 0, "materials": ["tripo_material_0582d435-7945-4be0-bc61-d29fc1979aab.001"], "attributes": ["UVMap", "custom_normal", "material_index", "position", "sharp_edge", "sharp_face"]}, "cage_chosen": {"cage_extrusion": 0.001, "max_ray_distance": 0.002}, "ray_check": {"points": 20000, "missed": 0, "missed_share": 0.0, "hit_distance_from_low_surface": {"median": 8.265302516520003e-06, "p95": 2.9723091050982454e-05, "p99": 4.394811205565927e-05, "largest": 0.00011119719035923483}, "nearest_dense_surface": {"median": 8.255700777226593e-06, "p95": 2.9683906177524477e-05, "p99": 4.394143252284266e-05, "largest": 0.00010608521552057937}, "hits_further_than_twice_p99_nearest": 0.0002}, "device_wanted": "GPU", "device": "OPTIX", "device_names": ["NVIDIA GeForce RTX 3080"], "high_textures": {"basecolor": "crate_h31_default_basecolor.jpg", "metallic_roughness": "crate_h31_default_rm.jpg", "normal": "crate_h31_default_normal.png"}, "images": {"basecolor": {"size": [2048, 2048], "file_format": "JPEG", "colorspace": "sRGB", "is_dirty": false, "source": "FILE"}, "metallic_roughness": {"size": [2048, 2048], "file_format": "JPEG", "colorspace": "Non-Color", "is_dirty": false, "source": "FILE"}, "normal": {"size": [2048, 2048], "file_format": "PNG", "colorspace": "Non-Color", "is_dirty": false, "source": "FILE"}}, "low_after": {"vertices": 10002, "faces": 19999, "triangles": 19999, "uv_layers": ["UVMap"], "has_custom_normals": false, "normals_domain": "POINT", "smooth_faces": 19999, "sharp_edges": 0, "materials": ["baked"], "attributes": ["UVMap", "position"]}, "after": {"vertices": 10002, "edges": 29999, "faces": 19999, "triangles": 19999, "boundary_edges": 2, "non_manifold_edges": 1, "wire_edges": 0, "loose_vertices": 0, "flipped_edges": 0, "degenerate_faces": 0, "zero_length_edges": 0, "boundary_loops": 1, "pieces": 1, "largest_pieces": [19999]}, "seconds": {"import_low": 0.12, "weld": 0.037, "uvs": 0.065, "normals": 0.0, "import_high": 2.563, "ray_check": 4.858, "bake_normal": 2.682, "bake_basecolor": 3.032, "bake_metallic_roughness": 3.015, "material": 0.215, "export": 0.124}, "blender": "5.2.2 LTS"}
Blender 5.2.2 LTS (hash d13f752e3b9c built 2026-09-15 01:34:58)
