17:01:06 | INFO: Data are loaded, start creating Blender stuff
17:01:06 | INFO: Blender create Mesh node meshes[0]
17:01:09 | INFO: glTF import finished in 3.40s
STEP import: 3.46 s
STEP mark_seams: 3.86 s
COLLAPSE ratio 0.010247 -> 124028
STEP collapse: 25.20 s
COLLAPSE ratio 0.161254 -> 20000
STEP collapse_again: 0.96 s
STEP count_after: 0.12 s
INFO Draco is available, use library at .tools/blender-5.2.2-linux-x64/lib/libbf_intern_draco_bridge.so
INFO MeshOptimizer is available, use library at .tools/blender-5.2.2-linux-x64/lib/libbf_intern_meshopt_bridge.so
17:01:39 | INFO: Starting glTF 2.0 export
17:01:39 | INFO: Extracting primitive: meshes[0]
17:01:39 | WARNING: More than one shader node tex image used for a texture. The resulting glTF sampler will behave like the first shader node tex image.
17:01:39 | INFO: Primitives created: 1
17:01:39 | INFO: Finished glTF 2.0 export in 0.305438756942749 s

STEP export: 0.32 s
FACTS {"stage": "reduce", "source": "learn/research/tripo-api-trial/models/orb_h31_default.glb", "settings": {"method": "collapse", "target": 20000, "steps": 1, "protect_seams": 10.0, "planar_angle": 5.0, "planar_delimit": "UV", "unsubdiv_iterations": 2, "voxel_size": 0.004, "merge_vertices": true, "weld": 0.0, "normals": "keep", "sharp_angle": 30.0, "exact": true, "count_before": false, "quadriflow_seed": 0}, "before_object": {"vertices": 975885, "faces": 1951822, "triangles": 1951822, "uv_layers": ["UVMap"], "has_custom_normals": true, "normals_domain": "CORNER", "smooth_faces": 1951822, "sharp_edges": 0, "materials": ["tripo_material_2fd72e19-ce80-43bb-a68b-793ab6abe00c"], "attributes": ["UVMap", "custom_normal", "material_index", "position", "sharp_edge", "sharp_face"]}, "seam_vertices_protected": 56829, "seam_edges_marked": 57922, "passes": [{"ratio": 0.010246836033203848, "triangles": 124028}, {"ratio": 0.16125391040732737, "triangles": 20000}], "extra_passes": 1, "triangles_reached": 20000, "custom_normals_after_reduce": true, "after_object": {"vertices": 9974, "faces": 20000, "triangles": 20000, "uv_layers": ["UVMap"], "has_custom_normals": true, "normals_domain": "CORNER", "smooth_faces": 20000, "sharp_edges": 0, "materials": ["tripo_material_2fd72e19-ce80-43bb-a68b-793ab6abe00c"], "attributes": ["UVMap", "custom_normal", "position", "uv_seam"]}, "after": {"vertices": 9974, "edges": 30000, "faces": 20000, "triangles": 20000, "boundary_edges": 0, "non_manifold_edges": 0, "wire_edges": 0, "loose_vertices": 0, "flipped_edges": 0, "degenerate_faces": 0, "zero_length_edges": 0, "boundary_loops": 0, "pieces": 1, "largest_pieces": [20000]}, "bounds_after": [[-0.3773961067199707, -0.48796719312667847, -5.7449224186711945e-06], [0.37757983803749084, 0.48965984582901, 0.9805915951728821]], "seconds": {"import": 3.464, "mark_seams": 3.856, "collapse": 25.197, "collapse_again": 0.958, "count_after": 0.12, "export": 0.317}, "blender": "5.2.2 LTS"}
Blender 5.2.2 LTS (hash d13f752e3b9c built 2026-09-15 01:34:58)
