16:29:04 | INFO: Data are loaded, start creating Blender stuff
16:29:04 | INFO: Blender create Mesh node meshes[0]
16:29:07 | INFO: glTF import finished in 2.77s
STEP import: 2.83 s
STEP mark_seams: 3.37 s
COLLAPSE ratio 0.002776 -> 54050
STEP collapse: 22.26 s
COLLAPSE ratio 0.092507 -> 5000
STEP collapse_again: 0.33 s
STEP count_after: 0.04 s
INFO Draco is available, use library at .tools/blender-5.2.2-linux-x64/lib/libbf_intern_draco_bridge.so
INFO MeshOptimizer is available, use library at .tools/blender-5.2.2-linux-x64/lib/libbf_intern_meshopt_bridge.so
16:29:33 | INFO: Starting glTF 2.0 export
16:29:33 | INFO: Extracting primitive: meshes[0]
16:29:33 | WARNING: More than one shader node tex image used for a texture. The resulting glTF sampler will behave like the first shader node tex image.
16:29:33 | INFO: Primitives created: 1
16:29:33 | INFO: Finished glTF 2.0 export in 0.37757039070129395 s

STEP export: 0.39 s
FACTS {"stage": "reduce", "source": "learn/research/tripo-api-trial/models/crate_h31_default.glb", "settings": {"method": "collapse", "target": 5000, "steps": 1, "protect_seams": 10.0, "planar_angle": 5.0, "planar_delimit": "UV", "unsubdiv_iterations": 2, "voxel_size": 0.004, "merge_vertices": true, "weld": 0.0, "normals": "keep", "sharp_angle": 30.0, "exact": true, "count_before": false, "quadriflow_seed": 0}, "before_object": {"vertices": 900730, "faces": 1801451, "triangles": 1801451, "uv_layers": ["UVMap"], "has_custom_normals": true, "normals_domain": "CORNER", "smooth_faces": 1375189, "sharp_edges": 0, "materials": ["tripo_material_0582d435-7945-4be0-bc61-d29fc1979aab"], "attributes": ["UVMap", "custom_normal", "material_index", "position", "sharp_edge", "sharp_face"]}, "seam_vertices_protected": 25360, "seam_edges_marked": 25547, "passes": [{"ratio": 0.0027755403838350306, "triangles": 54050}, {"ratio": 0.09250693802035152, "triangles": 5000}], "extra_passes": 1, "triangles_reached": 5000, "custom_normals_after_reduce": true, "after_object": {"vertices": 2504, "faces": 5000, "triangles": 5000, "uv_layers": ["UVMap"], "has_custom_normals": true, "normals_domain": "CORNER", "smooth_faces": 4105, "sharp_edges": 0, "materials": ["tripo_material_0582d435-7945-4be0-bc61-d29fc1979aab"], "attributes": ["UVMap", "custom_normal", "position", "sharp_face", "uv_seam"]}, "after": {"vertices": 2504, "edges": 7501, "faces": 5000, "triangles": 5000, "boundary_edges": 0, "non_manifold_edges": 0, "wire_edges": 1, "loose_vertices": 0, "flipped_edges": 0, "degenerate_faces": 4, "zero_length_edges": 0, "boundary_loops": 0, "pieces": 1, "largest_pieces": [5000]}, "bounds_after": [[-0.48995688557624817, -0.4835827946662903, 7.784282206557691e-05], [0.4900558292865753, 0.48349544405937195, 0.9291244149208069]], "seconds": {"import": 2.829, "mark_seams": 3.372, "collapse": 22.264, "collapse_again": 0.332, "count_after": 0.035, "export": 0.389}, "blender": "5.2.2 LTS"}
Blender 5.2.2 LTS (hash d13f752e3b9c built 2026-09-15 01:34:58)
