16:27:34 | INFO: Data are loaded, start creating Blender stuff
16:27:34 | INFO: Blender create Mesh node meshes[0]
16:27:38 | INFO: glTF import finished in 4.30s
STEP import: 4.38 s
STEP mark_seams: 3.99 s
COLLAPSE ratio 0.011102 -> 54052
STEP collapse: 20.74 s
COLLAPSE ratio 0.370014 -> 20000
STEP collapse_again: 0.21 s
STEP count_after: 0.13 s
INFO Draco is available, use library at .tools/blender-5.2.2-linux-x64/lib/libbf_intern_draco_bridge.so
INFO MeshOptimizer is available, use library at .tools/blender-5.2.2-linux-x64/lib/libbf_intern_meshopt_bridge.so
16:28:03 | INFO: Starting glTF 2.0 export
16:28:03 | INFO: Extracting primitive: meshes[0]
16:28:04 | WARNING: More than one shader node tex image used for a texture. The resulting glTF sampler will behave like the first shader node tex image.
16:28:04 | INFO: Primitives created: 1
16:28:04 | INFO: Finished glTF 2.0 export in 0.31857991218566895 s

STEP export: 0.33 s
FACTS {"stage": "reduce", "source": "learn/research/tripo-api-trial/models/crate_h31_default.glb", "settings": {"method": "collapse", "target": 20000, "steps": 1, "protect_seams": 1.0, "planar_angle": 5.0, "planar_delimit": "UV", "unsubdiv_iterations": 2, "voxel_size": 0.004, "merge_vertices": true, "weld": 0.0, "normals": "keep", "sharp_angle": 30.0, "exact": true, "count_before": false, "quadriflow_seed": 0}, "before_object": {"vertices": 900730, "faces": 1801451, "triangles": 1801451, "uv_layers": ["UVMap"], "has_custom_normals": true, "normals_domain": "CORNER", "smooth_faces": 1375189, "sharp_edges": 0, "materials": ["tripo_material_0582d435-7945-4be0-bc61-d29fc1979aab"], "attributes": ["UVMap", "custom_normal", "material_index", "position", "sharp_edge", "sharp_face"]}, "seam_vertices_protected": 25360, "seam_edges_marked": 25547, "passes": [{"ratio": 0.011102161535340122, "triangles": 54052}, {"ratio": 0.3700140605343003, "triangles": 20000}], "extra_passes": 1, "triangles_reached": 20000, "custom_normals_after_reduce": true, "after_object": {"vertices": 10004, "faces": 20000, "triangles": 20000, "uv_layers": ["UVMap"], "has_custom_normals": true, "normals_domain": "CORNER", "smooth_faces": 18009, "sharp_edges": 0, "materials": ["tripo_material_0582d435-7945-4be0-bc61-d29fc1979aab"], "attributes": ["UVMap", "custom_normal", "position", "sharp_face", "uv_seam"]}, "after": {"vertices": 10004, "edges": 30001, "faces": 20000, "triangles": 20000, "boundary_edges": 0, "non_manifold_edges": 0, "wire_edges": 1, "loose_vertices": 0, "flipped_edges": 3, "degenerate_faces": 4, "zero_length_edges": 0, "boundary_loops": 0, "pieces": 1, "largest_pieces": [20000]}, "bounds_after": [[-0.48995688557624817, -0.4835827946662903, 7.784282206557691e-05], [0.4900970757007599, 0.48349902033805847, 0.9312183260917664]], "seconds": {"import": 4.381, "mark_seams": 3.986, "collapse": 20.74, "collapse_again": 0.207, "count_after": 0.127, "export": 0.33}, "blender": "5.2.2 LTS"}
Blender 5.2.2 LTS (hash d13f752e3b9c built 2026-09-15 01:34:58)
