16:17:45 | INFO: Data are loaded, start creating Blender stuff
16:17:45 | INFO: Blender create Mesh node meshes[0]
16:17:48 | INFO: glTF import finished in 3.74s
STEP import: 3.82 s
STEP count_before: 16.30 s
STEP weld: 2.31 s
STEP count_after_weld: 12.30 s
STEP degenerate: 1.72 s
STEP count_after_degenerate: 11.18 s
STEP loose: 1.42 s
STEP count_after_loose: 11.04 s
STEP recalc_normals: 2.14 s
STEP count_after_recalc_normals: 11.74 s
STEP fill_holes: 0.81 s
STEP count_after_fill_holes: 11.08 s
STEP count_after: 13.08 s
INFO Draco is available, use library at .tools/blender-5.2.2-linux-x64/lib/libbf_intern_draco_bridge.so
INFO MeshOptimizer is available, use library at .tools/blender-5.2.2-linux-x64/lib/libbf_intern_meshopt_bridge.so
16:19:24 | INFO: Starting glTF 2.0 export
16:19:24 | INFO: Extracting primitive: meshes[0]
16:19:25 | WARNING: More than one shader node tex image used for a texture. The resulting glTF sampler will behave like the first shader node tex image.
16:19:27 | INFO: Primitives created: 1
16:19:27 | INFO: Finished glTF 2.0 export in 3.247225046157837 s

STEP export: 3.27 s
FACTS {"stage": "repair", "source": "learn/research/tripo-api-trial/models/orb_h31_default.glb", "settings": {"weld": 0.0001, "degenerate": 0.0001, "loose": true, "small_pieces": 0.0, "small_pieces_by": "area", "recalc_normals": true, "fill_holes": 0, "normals": "keep", "sharp_angle": 30.0, "count_each": true}, "before_object": {"vertices": 975885, "faces": 1951822, "triangles": 1951822, "uv_layers": ["UVMap"], "has_custom_normals": true, "normals_domain": "CORNER", "smooth_faces": 1951822, "sharp_edges": 0, "materials": ["tripo_material_2fd72e19-ce80-43bb-a68b-793ab6abe00c"], "attributes": ["UVMap", "custom_normal", "material_index", "position", "sharp_edge", "sharp_face"]}, "bounds_before": [[-0.3774566650390625, -0.489654541015625, 0.0], [0.3774566650390625, 0.489654541015625, 0.980804443359375]], "before": {"vertices": 975882, "edges": 2927732, "faces": 1951822, "triangles": 1951822, "boundary_edges": 0, "non_manifold_edges": 1, "wire_edges": 0, "loose_vertices": 0, "flipped_edges": 18, "degenerate_faces": 0, "zero_length_edges": 0, "boundary_loops": 0, "pieces": 1, "largest_pieces": [1951822]}, "surface_area_before": 2.5185643299847422, "after_weld": {"vertices": 975876, "edges": 2927714, "faces": 1951810, "triangles": 1951810, "boundary_edges": 0, "non_manifold_edges": 1, "wire_edges": 0, "loose_vertices": 0, "flipped_edges": 18, "degenerate_faces": 0, "zero_length_edges": 0, "boundary_loops": 0, "pieces": 1, "largest_pieces": [1951810], "vertices_joined": 9}, "after_degenerate": {"vertices": 975858, "edges": 2927393, "faces": 1951507, "triangles": 1951774, "boundary_edges": 0, "non_manifold_edges": 1, "wire_edges": 0, "loose_vertices": 0, "flipped_edges": 18, "degenerate_faces": 0, "zero_length_edges": 0, "boundary_loops": 0, "pieces": 1, "largest_pieces": [1951774], "faces_removed": 303, "vertices_removed": 18}, "after_loose": {"vertices": 975858, "edges": 2927393, "faces": 1951507, "triangles": 1951774, "boundary_edges": 0, "non_manifold_edges": 1, "wire_edges": 0, "loose_vertices": 0, "flipped_edges": 18, "degenerate_faces": 0, "zero_length_edges": 0, "boundary_loops": 0, "pieces": 1, "largest_pieces": [1951774], "wire_edges_removed": 0, "vertices_removed": 0}, "after_recalc_normals": {"vertices": 975858, "edges": 2927393, "faces": 1951507, "triangles": 1951774, "boundary_edges": 0, "non_manifold_edges": 1, "wire_edges": 0, "loose_vertices": 0, "flipped_edges": 0, "degenerate_faces": 0, "zero_length_edges": 0, "boundary_loops": 0, "pieces": 1, "largest_pieces": [1951774], "faces_turned": 9}, "after_fill_holes": {"vertices": 975858, "edges": 2927393, "faces": 1951507, "triangles": 1951774, "boundary_edges": 0, "non_manifold_edges": 1, "wire_edges": 0, "loose_vertices": 0, "flipped_edges": 0, "degenerate_faces": 0, "zero_length_edges": 0, "boundary_loops": 0, "pieces": 1, "largest_pieces": [1951774], "holes_filled": 0, "sides_of_largest": [], "faces_added": 0}, "surface_area_after": 2.518559734471882, "custom_normals_after_edit": true, "steps_done": ["weld", "degenerate", "loose", "recalc_normals", "fill_holes"], "after_object": {"vertices": 975858, "faces": 1951507, "triangles": 1951774, "uv_layers": ["UVMap"], "has_custom_normals": true, "normals_domain": "CORNER", "smooth_faces": 1951507, "sharp_edges": 0, "materials": ["tripo_material_2fd72e19-ce80-43bb-a68b-793ab6abe00c"], "attributes": ["UVMap", "custom_normal", "position"]}, "after": {"vertices": 975858, "edges": 2927393, "faces": 1951507, "triangles": 1951774, "boundary_edges": 0, "non_manifold_edges": 1, "wire_edges": 0, "loose_vertices": 0, "flipped_edges": 0, "degenerate_faces": 0, "zero_length_edges": 0, "boundary_loops": 0, "pieces": 1, "largest_pieces": [1951774]}, "bounds_after": [[-0.3774566650390625, -0.489654541015625, 0.0], [0.3774566650390625, 0.489654541015625, 0.980804443359375]], "seconds": {"import": 3.824, "count_before": 16.297, "weld": 2.314, "count_after_weld": 12.297, "degenerate": 1.724, "count_after_degenerate": 11.176, "loose": 1.418, "count_after_loose": 11.04, "recalc_normals": 2.138, "count_after_recalc_normals": 11.744, "fill_holes": 0.815, "count_after_fill_holes": 11.083, "count_after": 13.081, "export": 3.265}, "blender": "5.2.2 LTS"}
Blender 5.2.2 LTS (hash d13f752e3b9c built 2026-09-15 01:34:58)
