16:10:56 | INFO: Data are loaded, start creating Blender stuff
16:10:56 | INFO: Blender create Mesh node meshes[0]
16:10:56 | INFO: glTF import finished in 0.03s
STEP import: 0.10 s
STEP count_before: 0.13 s
STEP weld: 0.01 s
STEP count_after_weld: 0.09 s
STEP degenerate: 0.01 s
STEP count_after_degenerate: 0.09 s
STEP loose: 0.01 s
STEP count_after_loose: 0.08 s
STEP recalc_normals: 0.01 s
STEP count_after_recalc_normals: 0.09 s
STEP fill_holes: 0.01 s
STEP count_after_fill_holes: 0.08 s
STEP clear_normals: 0.00 s
STEP count_after: 0.10 s
INFO Draco is available, use library at .tools/blender-5.2.2-linux-x64/lib/libbf_intern_draco_bridge.so
INFO MeshOptimizer is available, use library at .tools/blender-5.2.2-linux-x64/lib/libbf_intern_meshopt_bridge.so
16:10:56 | INFO: Starting glTF 2.0 export
16:10:56 | INFO: Extracting primitive: meshes[0]
16:10:56 | INFO: Primitives created: 1
16:10:56 | INFO: Finished glTF 2.0 export in 0.021206140518188477 s

STEP export: 0.03 s
FACTS {"stage": "repair", "source": "learn/research/tripo-api-trial/models/crate_p2_tri_req20000.glb", "settings": {"weld": 0.0001, "degenerate": 0.0001, "loose": true, "small_pieces": 0.0, "small_pieces_by": "area", "recalc_normals": true, "fill_holes": 0, "normals": "clear", "sharp_angle": 30.0, "count_each": true}, "before_object": {"vertices": 10021, "faces": 19958, "triangles": 19958, "uv_layers": [], "has_custom_normals": true, "normals_domain": "CORNER", "smooth_faces": 19863, "sharp_edges": 0, "materials": ["material"], "attributes": ["custom_normal", "material_index", "position", "sharp_edge", "sharp_face"]}, "bounds_before": [[-0.49975594878196716, -0.49975594878196716, 0.0], [0.49975594878196716, 0.49975594878196716, 0.9995118379592896]], "before": {"vertices": 10021, "edges": 29930, "faces": 19958, "triangles": 19958, "boundary_edges": 97, "non_manifold_edges": 87, "wire_edges": 0, "loose_vertices": 0, "flipped_edges": 4, "degenerate_faces": 58, "zero_length_edges": 0, "boundary_loops": 22, "pieces": 28, "largest_pieces": [1068, 1028, 1028, 1008, 1006, 930, 928, 925]}, "surface_area_before": 10.042962514067744, "after_weld": {"vertices": 10021, "edges": 29930, "faces": 19958, "triangles": 19958, "boundary_edges": 97, "non_manifold_edges": 87, "wire_edges": 0, "loose_vertices": 0, "flipped_edges": 4, "degenerate_faces": 58, "zero_length_edges": 0, "boundary_loops": 22, "pieces": 28, "largest_pieces": [1068, 1028, 1028, 1008, 1006, 930, 928, 925], "vertices_joined": 0}, "after_degenerate": {"vertices": 10021, "edges": 29862, "faces": 19890, "triangles": 19956, "boundary_edges": 98, "non_manifold_edges": 86, "wire_edges": 0, "loose_vertices": 0, "flipped_edges": 4, "degenerate_faces": 2, "zero_length_edges": 0, "boundary_loops": 22, "pieces": 28, "largest_pieces": [1068, 1028, 1028, 1008, 1006, 930, 928, 925], "faces_removed": 68, "vertices_removed": 0}, "after_loose": {"vertices": 10021, "edges": 29862, "faces": 19890, "triangles": 19956, "boundary_edges": 98, "non_manifold_edges": 86, "wire_edges": 0, "loose_vertices": 0, "flipped_edges": 4, "degenerate_faces": 2, "zero_length_edges": 0, "boundary_loops": 22, "pieces": 28, "largest_pieces": [1068, 1028, 1028, 1008, 1006, 930, 928, 925], "wire_edges_removed": 0, "vertices_removed": 0}, "after_recalc_normals": {"vertices": 10021, "edges": 29862, "faces": 19890, "triangles": 19956, "boundary_edges": 98, "non_manifold_edges": 86, "wire_edges": 0, "loose_vertices": 0, "flipped_edges": 0, "degenerate_faces": 2, "zero_length_edges": 0, "boundary_loops": 22, "pieces": 28, "largest_pieces": [1068, 1028, 1028, 1008, 1006, 930, 928, 925], "faces_turned": 55}, "after_fill_holes": {"vertices": 10021, "edges": 29863, "faces": 19902, "triangles": 19968, "boundary_edges": 66, "non_manifold_edges": 86, "wire_edges": 0, "loose_vertices": 0, "flipped_edges": 1, "degenerate_faces": 2, "zero_length_edges": 0, "boundary_loops": 19, "pieces": 28, "largest_pieces": [1068, 1028, 1028, 1008, 1006, 930, 930, 925], "holes_filled": 10, "sides_of_largest": [4, 4, 3, 3, 3, 3, 3, 3], "faces_added": 12}, "surface_area_after": 10.285058105224778, "custom_normals_after_edit": true, "steps_done": ["weld", "degenerate", "loose", "recalc_normals", "fill_holes"], "after_object": {"vertices": 10021, "faces": 19902, "triangles": 19968, "uv_layers": [], "has_custom_normals": false, "normals_domain": "CORNER", "smooth_faces": 19902, "sharp_edges": 7458, "materials": ["material"], "attributes": ["position", "sharp_edge"]}, "after": {"vertices": 10021, "edges": 29863, "faces": 19902, "triangles": 19968, "boundary_edges": 66, "non_manifold_edges": 86, "wire_edges": 0, "loose_vertices": 0, "flipped_edges": 1, "degenerate_faces": 2, "zero_length_edges": 0, "boundary_loops": 19, "pieces": 28, "largest_pieces": [1068, 1028, 1028, 1008, 1006, 930, 930, 925]}, "bounds_after": [[-0.49975594878196716, -0.49975594878196716, 0.0], [0.49975594878196716, 0.49975594878196716, 0.9995118379592896]], "seconds": {"import": 0.099, "count_before": 0.134, "weld": 0.008, "count_after_weld": 0.086, "degenerate": 0.009, "count_after_degenerate": 0.092, "loose": 0.013, "count_after_loose": 0.084, "recalc_normals": 0.015, "count_after_recalc_normals": 0.087, "fill_holes": 0.012, "count_after_fill_holes": 0.084, "clear_normals": 0.004, "count_after": 0.1, "export": 0.033}, "blender": "5.2.2 LTS"}
Blender 5.2.2 LTS (hash d13f752e3b9c built 2026-09-15 01:34:58)
