17:33:42 | INFO: Data are loaded, start creating Blender stuff
17:33:42 | INFO: Blender create Mesh node meshes[0]
17:33:42 | INFO: glTF import finished in 0.04s
STEP import_low: 0.12 s
STEP weld: 0.04 s
STEP uvs: 0.13 s
STEP normals: 0.00 s
17:33:43 | INFO: Data are loaded, start creating Blender stuff
17:33:43 | INFO: Blender create Mesh node meshes[0]
17:33:46 | INFO: glTF import finished in 3.03s
STEP import_high: 3.04 s
STEP fit: 2.08 s
STEP ray_check: 5.44 s
00:11.205  cycles           | WARNING HIPEW initialization failed: Error opening HIP dynamic library
STEP bake_normal: 3.28 s
STEP bake_basecolor: 4.11 s
STEP bake_metallic_roughness: 4.02 s
STEP material: 0.29 s
INFO Draco is available, use library at .tools/blender-5.2.2-linux-x64/lib/libbf_intern_draco_bridge.so
INFO MeshOptimizer is available, use library at .tools/blender-5.2.2-linux-x64/lib/libbf_intern_meshopt_bridge.so
17:34:05 | INFO: Starting glTF 2.0 export
17:34:05 | INFO: Extracting primitive: meshes[0]
17:34:05 | WARNING: More than one shader node tex image used for a texture. The resulting glTF sampler will behave like the first shader node tex image.
17:34:05 | INFO: Primitives created: 1
17:34:05 | INFO: Finished glTF 2.0 export in 0.02760601043701172 s

STEP export: 0.13 s
FACTS {"stage": "uv_bake", "source": "learn/research/blender-stages-trial/models/tripo_orb_p1_tri_req20000__repaired.glb", "settings": {"high": "learn/research/tripo-api-trial/models/orb_h31_default.glb", "weld": 1e-06, "uv": "smart", "angle": 66.0, "island_margin": 0.003, "seam_angle": 60.0, "pack": "none", "pack_margin": 0.003, "margin_method": "SCALED", "normals": "clear", "sharp_angle": 0.0, "size": 2048, "samples": 1, "device": "GPU", "cage_extrusion": 0.5346306562423706, "max_ray_distance": 1.0692613124847412, "cage": "auto", "margin": 8, "margin_type": "ADJACENT_FACES", "colour": "emit", "fit": "bbox", "jpeg": true, "jpeg_quality": 90, "bake": true}, "low_before": {"vertices": 22162, "faces": 18538, "triangles": 18538, "uv_layers": [], "has_custom_normals": true, "normals_domain": "CORNER", "smooth_faces": 18211, "sharp_edges": 0, "materials": ["material"], "attributes": ["custom_normal", "material_index", "position", "sharp_edge", "sharp_face"]}, "weld_joined": 12578, "high": {"vertices": 975885, "faces": 1951822, "triangles": 1951822, "uv_layers": ["UVMap"], "has_custom_normals": true, "normals_domain": "CORNER", "smooth_faces": 1951822, "sharp_edges": 0, "materials": ["tripo_material_2fd72e19-ce80-43bb-a68b-793ab6abe00c"], "attributes": ["UVMap", "custom_normal", "material_index", "position", "sharp_edge", "sharp_face"]}, "fit_scale": [0.8925900472975704, 1.0191336865067, 0.9578393851706649], "cage_chosen": {"cage_extrusion": 0.5346306562423706, "max_ray_distance": 1.0692613124847412}, "ray_check": {"points": 20000, "missed": 2402, "missed_share": 0.1201, "hit_distance_from_low_surface": {"median": 0.05721551179885864, "p95": 0.37760354578495026, "p99": 0.5006579346954823, "largest": 0.534562746375741}, "nearest_dense_surface": {"median": 0.034419313073158264, "p95": 0.09570538252592087, "p99": 0.13365766406059265, "largest": 0.19593504071235657}, "hits_further_than_twice_p99_nearest": 0.0913171951358109}, "device_wanted": "GPU", "device": "OPTIX", "device_names": ["NVIDIA GeForce RTX 3080"], "high_textures": {"basecolor": "orb_h31_default_basecolor.jpg", "metallic_roughness": "orb_h31_default_rm.jpg", "normal": "orb_h31_default_normal.png"}, "images": {"basecolor": {"size": [2048, 2048], "file_format": "JPEG", "colorspace": "sRGB", "is_dirty": false, "source": "FILE"}, "metallic_roughness": {"size": [2048, 2048], "file_format": "JPEG", "colorspace": "Non-Color", "is_dirty": false, "source": "FILE"}, "normal": {"size": [2048, 2048], "file_format": "PNG", "colorspace": "Non-Color", "is_dirty": false, "source": "FILE"}}, "low_after": {"vertices": 9584, "faces": 18538, "triangles": 18538, "uv_layers": ["UVMap"], "has_custom_normals": false, "normals_domain": "POINT", "smooth_faces": 18538, "sharp_edges": 0, "materials": ["baked"], "attributes": ["UVMap", "position"]}, "after": {"vertices": 9584, "edges": 27804, "faces": 18538, "triangles": 18538, "boundary_edges": 19, "non_manifold_edges": 20, "wire_edges": 0, "loose_vertices": 0, "flipped_edges": 0, "degenerate_faces": 12, "zero_length_edges": 0, "boundary_loops": 7, "pieces": 157, "largest_pieces": [8959, 560, 284, 252, 204, 198, 192, 138]}, "seconds": {"import_low": 0.117, "weld": 0.042, "uvs": 0.132, "normals": 0.0, "import_high": 3.041, "fit": 2.075, "ray_check": 5.44, "bake_normal": 3.284, "bake_basecolor": 4.113, "bake_metallic_roughness": 4.018, "material": 0.293, "export": 0.126}, "blender": "5.2.2 LTS"}
Blender 5.2.2 LTS (hash d13f752e3b9c built 2026-09-15 01:34:58)
