17:34:32 | INFO: Data are loaded, start creating Blender stuff
17:34:32 | INFO: Blender create Mesh node meshes[0]
17:34:32 | INFO: glTF import finished in 0.03s
STEP import_low: 0.10 s
STEP weld: 0.03 s
STEP uvs: 0.12 s
STEP normals: 0.00 s
17:34:32 | INFO: Data are loaded, start creating Blender stuff
17:34:32 | INFO: Blender create Mesh node meshes[0]
17:34:35 | INFO: glTF import finished in 2.91s
STEP import_high: 2.92 s
STEP fit: 1.94 s
STEP ray_check: 2.54 s
00:08.052  cycles           | WARNING HIPEW initialization failed: Error opening HIP dynamic library
STEP bake_normal: 2.97 s
STEP bake_basecolor: 3.50 s
STEP bake_metallic_roughness: 3.53 s
STEP material: 0.20 s
INFO Draco is available, use library at .tools/blender-5.2.2-linux-x64/lib/libbf_intern_draco_bridge.so
INFO MeshOptimizer is available, use library at .tools/blender-5.2.2-linux-x64/lib/libbf_intern_meshopt_bridge.so
17:34:49 | INFO: Starting glTF 2.0 export
17:34:49 | INFO: Extracting primitive: meshes[0]
17:34:49 | WARNING: More than one shader node tex image used for a texture. The resulting glTF sampler will behave like the first shader node tex image.
17:34:49 | INFO: Primitives created: 1
17:34:49 | INFO: Finished glTF 2.0 export in 0.025945663452148438 s

STEP export: 0.13 s
FACTS {"stage": "uv_bake", "source": "learn/research/tripo-api-trial/models/orb_p2_tri_req20000.glb", "settings": {"high": "learn/research/tripo-api-trial/models/orb_h31_default.glb", "weld": 1e-06, "uv": "smart", "angle": 66.0, "island_margin": 0.003, "seam_angle": 60.0, "pack": "none", "pack_margin": 0.003, "margin_method": "SCALED", "normals": "clear", "sharp_angle": 0.0, "size": 2048, "samples": 1, "device": "GPU", "cage_extrusion": 0.03, "max_ray_distance": 0.06, "cage": "fixed", "margin": 8, "margin_type": "ADJACENT_FACES", "colour": "emit", "fit": "bbox", "jpeg": true, "jpeg_quality": 90, "bake": true}, "low_before": {"vertices": 11011, "faces": 20389, "triangles": 20389, "uv_layers": [], "has_custom_normals": true, "normals_domain": "CORNER", "smooth_faces": 20389, "sharp_edges": 0, "materials": ["material"], "attributes": ["custom_normal", "material_index", "position", "sharp_edge", "sharp_face"]}, "weld_joined": 0, "high": {"vertices": 975885, "faces": 1951822, "triangles": 1951822, "uv_layers": ["UVMap"], "has_custom_normals": true, "normals_domain": "CORNER", "smooth_faces": 1951822, "sharp_edges": 0, "materials": ["tripo_material_2fd72e19-ce80-43bb-a68b-793ab6abe00c"], "attributes": ["UVMap", "custom_normal", "material_index", "position", "sharp_edge", "sharp_face"]}, "fit_scale": [0.8169139345919069, 1.0206294795886568, 1.0021469242975825], "ray_check": {"points": 20000, "missed": 12754, "missed_share": 0.6377, "hit_distance_from_low_surface": {"median": 0.0114997935295105, "p95": 0.0282875696150586, "p99": 0.02968162789940834, "largest": 0.029998329728841783}, "nearest_dense_surface": {"median": 0.025870025157928467, "p95": 0.09809824079275131, "p99": 0.13626141846179962, "largest": 0.23375526070594788}, "hits_further_than_twice_p99_nearest": 0.0}, "device_wanted": "GPU", "device": "OPTIX", "device_names": ["NVIDIA GeForce RTX 3080"], "high_textures": {"basecolor": "orb_h31_default_basecolor.jpg", "metallic_roughness": "orb_h31_default_rm.jpg", "normal": "orb_h31_default_normal.png"}, "images": {"basecolor": {"size": [2048, 2048], "file_format": "JPEG", "colorspace": "sRGB", "is_dirty": false, "source": "FILE"}, "metallic_roughness": {"size": [2048, 2048], "file_format": "JPEG", "colorspace": "Non-Color", "is_dirty": false, "source": "FILE"}, "normal": {"size": [2048, 2048], "file_format": "PNG", "colorspace": "Non-Color", "is_dirty": false, "source": "FILE"}}, "low_after": {"vertices": 11011, "faces": 20389, "triangles": 20389, "uv_layers": ["UVMap"], "has_custom_normals": false, "normals_domain": "POINT", "smooth_faces": 20389, "sharp_edges": 0, "materials": ["baked"], "attributes": ["UVMap", "position"]}, "after": {"vertices": 11011, "edges": 31162, "faces": 20389, "triangles": 20389, "boundary_edges": 1169, "non_manifold_edges": 12, "wire_edges": 0, "loose_vertices": 0, "flipped_edges": 0, "degenerate_faces": 0, "zero_length_edges": 0, "boundary_loops": 239, "pieces": 236, "largest_pieces": [9671, 114, 105, 105, 90, 90, 85, 75]}, "seconds": {"import_low": 0.098, "weld": 0.026, "uvs": 0.124, "normals": 0.0, "import_high": 2.922, "fit": 1.941, "ray_check": 2.545, "bake_normal": 2.966, "bake_basecolor": 3.497, "bake_metallic_roughness": 3.529, "material": 0.205, "export": 0.127}, "blender": "5.2.2 LTS"}
Blender 5.2.2 LTS (hash d13f752e3b9c built 2026-09-15 01:34:58)
