TIMED uv_orb_20k__smart20: 1.3 s, peak 683 MB, exit 0
TIMED uv_orb_20k__smart30: 1.4 s, peak 675 MB, exit 0
TIMED uv_orb_20k__smart45: 1.4 s, peak 653 MB, exit 0
TIMED uv_orb_20k__smart66: 1.4 s, peak 639 MB, exit 0
TIMED uv_orb_20k__smart80: 1.4 s, peak 641 MB, exit 0
TIMED uv_orb_20k__smart89: 1.4 s, peak 638 MB, exit 0
TIMED uv_orb_20k__smart66_m0: 1.4 s, peak 646 MB, exit 0
TIMED uv_orb_20k__smart66_m001: 1.4 s, peak 632 MB, exit 0
TIMED uv_orb_20k__smart66_m01: 1.4 s, peak 623 MB, exit 0
TIMED uv_orb_20k__smart66_m03: 1.4 s, peak 621 MB, exit 0
TIMED uv_orb_20k__smart66_concave: 1.9 s, peak 618 MB, exit 0
TIMED uv_orb_20k__smart66_aabb: 1.6 s, peak 624 MB, exit 0
TIMED uv_orb_20k__smart45_concave: 1.7 s, peak 623 MB, exit 0
TIMED uv_orb_20k__sharp30: 2.2 s, peak 693 MB, exit 0
TIMED uv_orb_20k__sharp60: 2.1 s, peak 698 MB, exit 0
TIMED uv_orb_20k__keep: 1.3 s, peak 670 MB, exit 0
TIMED uv_orb_5k__smart20: 1.3 s, peak 591 MB, exit 0
TIMED uv_orb_5k__smart30: 1.3 s, peak 594 MB, exit 0
TIMED uv_orb_5k__smart45: 1.2 s, peak 614 MB, exit 0
TIMED uv_orb_5k__smart66: 1.3 s, peak 613 MB, exit 0
TIMED uv_orb_5k__smart80: 1.2 s, peak 614 MB, exit 0
TIMED uv_orb_5k__smart89: 1.2 s, peak 607 MB, exit 0
TIMED uv_orb_5k__smart66_m0: 1.4 s, peak 614 MB, exit 0
TIMED uv_orb_5k__smart66_m001: 1.3 s, peak 595 MB, exit 0
TIMED uv_orb_5k__smart66_m01: 1.2 s, peak 596 MB, exit 0
TIMED uv_orb_5k__smart66_m03: 1.2 s, peak 595 MB, exit 0
TIMED uv_orb_5k__smart66_concave: 2.2 s, peak 595 MB, exit 0
TIMED uv_orb_5k__smart66_aabb: 1.3 s, peak 611 MB, exit 0
TIMED uv_orb_5k__smart45_concave: 1.7 s, peak 648 MB, exit 0
TIMED uv_orb_5k__sharp30: 2.0 s, peak 672 MB, exit 0
TIMED uv_orb_5k__sharp60: 1.5 s, peak 670 MB, exit 0
TIMED uv_orb_5k__keep: 1.1 s, peak 648 MB, exit 0
