16:23:38 | INFO: Data are loaded, start creating Blender stuff
16:23:38 | INFO: Blender create Mesh node meshes[0]
16:23:38 | INFO: glTF import finished in 0.03s
INFO Draco is available, use library at .tools/blender-5.2.2-linux-x64/lib/libbf_intern_draco_bridge.so
INFO MeshOptimizer is available, use library at .tools/blender-5.2.2-linux-x64/lib/libbf_intern_meshopt_bridge.so
16:23:38 | INFO: Starting glTF 2.0 export
16:23:38 | INFO: Extracting primitive: meshes[0]
16:23:39 | WARNING: More than one shader node tex image used for a texture. The resulting glTF sampler will behave like the first shader node tex image.
16:23:39 | INFO: Primitives created: 1
16:23:39 | INFO: Finished glTF 2.0 export in 0.34700989723205566 s

WROTE learn/research/fur-animation-trial/models/c_variants/a_fused_plain.glb 9743088
16:23:39 | INFO: Starting glTF 2.0 export
16:23:39 | INFO: Extracting primitive: meshes[0]
16:23:39 | WARNING: More than one shader node tex image used for a texture. The resulting glTF sampler will behave like the first shader node tex image.
16:23:39 | INFO: Primitives created: 1
16:23:39 | INFO: Finished glTF 2.0 export in 0.03968238830566406 s

WROTE learn/research/fur-animation-trial/models/c_variants/a_fused_pos.glb 10028216
16:23:39 | INFO: Starting glTF 2.0 export
16:23:39 | INFO: Extracting primitive: meshes[0]
16:23:39 | WARNING: More than one shader node tex image used for a texture. The resulting glTF sampler will behave like the first shader node tex image.
16:23:39 | INFO: Primitives created: 1
16:23:39 | INFO: Finished glTF 2.0 export in 0.09689879417419434 s

WROTE learn/research/fur-animation-trial/models/c_variants/a_fused_pos_nrm.glb 10746748
16:23:39 | INFO: Starting glTF 2.0 export
16:23:39 | INFO: Extracting primitive: meshes[0]
16:23:39 | WARNING: More than one shader node tex image used for a texture. The resulting glTF sampler will behave like the first shader node tex image.
16:23:39 | INFO: Primitives created: 1
16:23:39 | INFO: Finished glTF 2.0 export in 0.2793421745300293 s

WROTE learn/research/fur-animation-trial/models/c_variants/a_fused_pos_nrm_tan.glb 11346252
16:23:39 | INFO: Starting glTF 2.0 export
16:23:39 | INFO: Extracting primitive: meshes[0]
16:23:39 | WARNING: More than one shader node tex image used for a texture. The resulting glTF sampler will behave like the first shader node tex image.
16:23:39 | INFO: Primitives created: 1
16:23:39 | INFO: Finished glTF 2.0 export in 0.08665037155151367 s

WROTE learn/research/fur-animation-trial/models/c_variants/a_fused_anim.glb 10748192
Blender 5.2.2 LTS (hash d13f752e3b9c built 2026-09-15 01:34:58)
