16:23:40 | INFO: Data are loaded, start creating Blender stuff
16:23:40 | INFO: Blender create Mesh node meshes[0]
16:23:40 | INFO: glTF import finished in 0.03s
INFO Draco is available, use library at .tools/blender-5.2.2-linux-x64/lib/libbf_intern_draco_bridge.so
INFO MeshOptimizer is available, use library at .tools/blender-5.2.2-linux-x64/lib/libbf_intern_meshopt_bridge.so
16:23:40 | INFO: Starting glTF 2.0 export
16:23:40 | INFO: Extracting primitive: meshes[0]
16:23:40 | INFO: Primitives created: 1
16:23:40 | INFO: Finished glTF 2.0 export in 0.07527494430541992 s

WROTE learn/research/fur-animation-trial/models/c_variants/b_pieces_p1_plain.glb 4230264
16:23:40 | INFO: Starting glTF 2.0 export
16:23:40 | INFO: Extracting primitive: meshes[0]
16:23:40 | INFO: Primitives created: 1
16:23:40 | INFO: Finished glTF 2.0 export in 0.02599620819091797 s

WROTE learn/research/fur-animation-trial/models/c_variants/b_pieces_p1_pos.glb 4398064
16:23:40 | INFO: Starting glTF 2.0 export
16:23:40 | INFO: Extracting primitive: meshes[0]
16:23:40 | INFO: Primitives created: 1
16:23:40 | INFO: Finished glTF 2.0 export in 0.06722426414489746 s

WROTE learn/research/fur-animation-trial/models/c_variants/b_pieces_p1_pos_nrm.glb 5386272
16:23:40 | INFO: Starting glTF 2.0 export
16:23:40 | INFO: Extracting primitive: meshes[0]
16:23:40 | INFO: Primitives created: 1
16:23:40 | INFO: Finished glTF 2.0 export in 0.321239709854126 s

WROTE learn/research/fur-animation-trial/models/c_variants/b_pieces_p1_pos_nrm_tan.glb 5982124
16:23:40 | INFO: Starting glTF 2.0 export
16:23:40 | INFO: Extracting primitive: meshes[0]
16:23:40 | INFO: Primitives created: 1
16:23:40 | INFO: Finished glTF 2.0 export in 0.07277035713195801 s

WROTE learn/research/fur-animation-trial/models/c_variants/b_pieces_p1_anim.glb 5387516
Blender 5.2.2 LTS (hash d13f752e3b9c built 2026-09-15 01:34:58)
