14:02:16 | INFO: Data are loaded, start creating Blender stuff
14:02:16 | INFO: Blender create Mesh node 0
14:02:17 | INFO: glTF import finished in 0.54s
14:02:17 | INFO: Data are loaded, start creating Blender stuff
14:02:17 | INFO: Blender create Mesh node 0
14:02:17 | INFO: glTF import finished in 0.03s
00:01.063  cycles           | WARNING HIPEW initialization failed: Error opening HIP dynamic library
.tools/local-gen/out/LODTailorBakeForger/latest/bake_script.py:593: DeprecationWarning: 'Material.use_nodes' is expected to be removed in Blender 6.0
  material.use_nodes = True
.tools/local-gen/out/LODTailorBakeForger/latest/bake_script.py:377: DeprecationWarning: 'Material.use_nodes' is expected to be removed in Blender 6.0
  if mat is None or not mat.use_nodes:
.tools/local-gen/out/LODTailorBakeForger/latest/bake_script.py:412: DeprecationWarning: 'Material.use_nodes' is expected to be removed in Blender 6.0
  if mat is None or not mat.use_nodes:
.tools/local-gen/out/LODTailorBakeForger/latest/bake_script.py:769: DeprecationWarning: 'Material.use_nodes' is expected to be removed in Blender 6.0
  material.use_nodes = True
[BakeNode] Baking normal detail...
Info: Baking map saved to internal image, save it externally or pack it
[BakeNode] NORMAL: merged=0 filled=6606552
[BakeNode] Baking base color...
Info: Baking map saved to internal image, save it externally or pack it
[BakeNode] BASE_COLOR: merged=0 filled=6606552
[BakeNode] Baking roughness...
Info: Baking map saved to internal image, save it externally or pack it
[BakeNode] ROUGHNESS: merged=0 filled=6606552
[BakeNode] Baking metallic (via emission swap)...
Info: Baking map saved to internal image, save it externally or pack it
[BakeNode] METALLIC: merged=0 filled=6606552
[BakeNode] Baking emission...
Info: Baking map saved to internal image, save it externally or pack it
[BakeNode] EMISSION: merged=0 filled=6606552
[BakeNode] Baking AO...
Info: Baking map saved to internal image, save it externally or pack it
[BakeNode] AO: merged=0 filled=6606552
INFO Draco is available, use library at .tools/blender-5.2.2-linux-x64/lib/libbf_intern_draco_bridge.so
INFO MeshOptimizer is available, use library at .tools/blender-5.2.2-linux-x64/lib/libbf_intern_meshopt_bridge.so
14:03:02 | INFO: Starting glTF 2.0 export
14:03:02 | INFO: Extracting primitive: Mesh_0.001
14:03:03 | WARNING: More than one shader node tex image used for a texture. The resulting glTF sampler will behave like the first shader node tex image.
14:03:03 | WARNING: The active Vertex Color will not be exported, as it is not used in the node tree of the material
14:03:03 | INFO: Primitives created: 1
14:03:03 | INFO: Finished glTF 2.0 export in 1.5148725509643555 s

[BakeNode] DONE
Blender 5.2.2 LTS (hash d13f752e3b9c built 2026-09-15 01:34:58)

Blender quit
